------------------
* AutomataScript *

- Basic test call 
- Create vaild AND invalid test 
- Should compile properly but should output some sort of fail on the users end 
DELETEDELETETESTINGGITHUBCI
-----------------
