------------------
* AutomataScript *

- Testing print 
- This should exit properly 
- 
------------------
