------------------
* AutomataScript *

- Basic unop call testing 
- 
- Testing KleeneStar 
- Accept Accept Reject 
- A <- abc: Accepted by NFA.
- A <- abcabc: Accepted by NFA.
- A <- abab: Rejected by NFA.
- 
- Testing Pos Closure 
- Accept Accept Reject 
- B <- abc: Accepted by NFA.
- B <- abcabc: Accepted by NFA.
- B <- abab: Rejected by NFA.
- 
- Testing Optional 
- Accept Reject Reject 
- C <- abc: Accepted by NFA.
- C <- ab: Rejected by NFA.
- C <- abcabc: Rejected by NFA.
------------------
